Archive member included because of file (symbol)

c:/winavr-20100110/bin/../lib/gcc/avr/4.3.3/avr51\libgcc.a(_mulsi3.o)
                              FAT32.o (__mulsi3)
c:/winavr-20100110/bin/../lib/gcc/avr/4.3.3/avr51\libgcc.a(_udivmodsi4.o)
                              FAT32.o (__udivmodsi4)
c:/winavr-20100110/bin/../lib/gcc/avr/4.3.3/avr51\libgcc.a(_exit.o)
                              c:/winavr-20100110/bin/../lib/gcc/avr/4.3.3/../../../../avr/lib/avr51/crtm1284p.o (exit)
c:/winavr-20100110/bin/../lib/gcc/avr/4.3.3/avr51\libgcc.a(_clear_bss.o)
                              SABT_MainUnit.o (__do_clear_bss)
c:/winavr-20100110/bin/../lib/gcc/avr/4.3.3/../../../../avr/lib/avr51\libc.a(atoi.o)
                              UI_Handle.o (atoi)
c:/winavr-20100110/bin/../lib/gcc/avr/4.3.3/../../../../avr/lib/avr51\libc.a(mul10.o)
                              c:/winavr-20100110/bin/../lib/gcc/avr/4.3.3/../../../../avr/lib/avr51\libc.a(atoi.o) (__mulhi_const_10)
c:/winavr-20100110/bin/../lib/gcc/avr/4.3.3/../../../../avr/lib/avr51\libc.a(printf.o)
                              VS1053.o (printf)
c:/winavr-20100110/bin/../lib/gcc/avr/4.3.3/../../../../avr/lib/avr51\libc.a(puts.o)
                              VS1053.o (puts)
c:/winavr-20100110/bin/../lib/gcc/avr/4.3.3/../../../../avr/lib/avr51\libc.a(sprintf.o)
                              SABT_MainUnit.o (sprintf)
c:/winavr-20100110/bin/../lib/gcc/avr/4.3.3/../../../../avr/lib/avr51\libc.a(vfprintf_std.o)
                              c:/winavr-20100110/bin/../lib/gcc/avr/4.3.3/../../../../avr/lib/avr51\libc.a(printf.o) (vfprintf)
c:/winavr-20100110/bin/../lib/gcc/avr/4.3.3/../../../../avr/lib/avr51\libc.a(strnlen_P.o)
                              c:/winavr-20100110/bin/../lib/gcc/avr/4.3.3/../../../../avr/lib/avr51\libc.a(vfprintf_std.o) (strnlen_P)
c:/winavr-20100110/bin/../lib/gcc/avr/4.3.3/../../../../avr/lib/avr51\libc.a(strnlen.o)
                              c:/winavr-20100110/bin/../lib/gcc/avr/4.3.3/../../../../avr/lib/avr51\libc.a(vfprintf_std.o) (strnlen)
c:/winavr-20100110/bin/../lib/gcc/avr/4.3.3/../../../../avr/lib/avr51\libc.a(fputc.o)
                              c:/winavr-20100110/bin/../lib/gcc/avr/4.3.3/../../../../avr/lib/avr51\libc.a(vfprintf_std.o) (fputc)
c:/winavr-20100110/bin/../lib/gcc/avr/4.3.3/../../../../avr/lib/avr51\libc.a(iob.o)
                              c:/winavr-20100110/bin/../lib/gcc/avr/4.3.3/../../../../avr/lib/avr51\libc.a(printf.o) (__iob)
c:/winavr-20100110/bin/../lib/gcc/avr/4.3.3/../../../../avr/lib/avr51\libc.a(ultoa_invert.o)
                              c:/winavr-20100110/bin/../lib/gcc/avr/4.3.3/../../../../avr/lib/avr51\libc.a(vfprintf_std.o) (__ultoa_invert)

Allocating common symbols
Common symbol       size              file

Last_Dot            0x1               MD1.o
USART_PC_Message_ready
                    0x1               SABT_MainUnit.o
gFileToPlay         0x2               SABT_MainUnit.o
UI_MP3_file_Pending
                    0x1               SABT_MainUnit.o
tempAddr            0x1               VS1053.o
appendFileLocation  0x4               SABT_MainUnit.o
USART_PC_length_reveived
                    0x1               USART_PC.o
USART_Keypad_DATA_RDY
                    0x1               SABT_MainUnit.o
fileName            0xd               SABT_MainUnit.o
Last_Cell           0x1               MD2.o
firstDataSector     0x4               SABT_MainUnit.o
fileSize            0x4               SABT_MainUnit.o
bytesPerSector      0x2               SABT_MainUnit.o
totalClusters       0x4               SABT_MainUnit.o
USART_PC_prefix     0x3               USART_PC.o
USART_UI_receive_msgcnt
                    0x1               USART_Keypad.o
TMR1_INT            0x1               SABT_MainUnit.o
UI_MODE_SELECTED    0x1               SABT_MainUnit.o
USART_PC_ReceivedPacket
                    0x14              SABT_MainUnit.o
UI_Modes            0xa               SABT_MainUnit.o
temp5               0x1               VS1053.o
rootCluster         0x4               SABT_MainUnit.o
Number_of_modes     0x1               SABT_MainUnit.o
MD2_Last_Dot        0x1               MD2.o
USART_UI_prefix     0x3               USART_Keypad.o
startBlock          0x4               SABT_MainUnit.o
UI_Selected_Mode    0x1               SABT_MainUnit.o
USART_UI_Message_ready
                    0x1               SABT_MainUnit.o
USART_UI_length_reveived
                    0x1               USART_Keypad.o
buffer              0x200             SABT_MainUnit.o
UI_Current_Mode     0x1               SABT_MainUnit.o
sectorPerCluster    0x2               SABT_MainUnit.o
temp4               0x1               VS1053.o
USART_UI_ReceivedPacket
                    0x14              SABT_MainUnit.o
unusedSectors       0x4               SABT_MainUnit.o
SDHC_flag           0x1               SABT_MainUnit.o
USART_PC_Received_Data
                    0x1               SABT_MainUnit.o
VS1053_Vol          0x2               VS1053.o
totalBlocks         0x4               SABT_MainUnit.o
LED_STAT            0x1               SABT_MainUnit.o
reservedSectorCount
                    0x2               SABT_MainUnit.o
MD3_Last_Dot        0x1               MD3.o
appendStartCluster  0x4               SABT_MainUnit.o
tempCnt             0x1               SABT_MainUnit.o
cardType            0x1               SABT_MainUnit.o
VS1053_SKIP_PLAY    0x1               SABT_MainUnit.o
USART_PC_DATA_RDY   0x1               SABT_MainUnit.o
USART_Keypad_Data_To_Transmit
                    0x1               SABT_MainUnit.o
USART_PC_receive_msgcnt
                    0x1               USART_PC.o
USART_UI_header_received
                    0x1               USART_Keypad.o
USART_PC_received_playload_len
                    0x1               SABT_MainUnit.o
debug_buffer        0x100             SABT_MainUnit.o
Current_State       0x2               MD1.o
freeClusterCountUpdated
                    0x1               SABT_MainUnit.o
__iob               0x6               c:/winavr-20100110/bin/../lib/gcc/avr/4.3.3/../../../../avr/lib/avr51\libc.a(iob.o)
USART_Keypad_Received_Data
                    0x1               SABT_MainUnit.o
appendFileSector    0x4               SABT_MainUnit.o
USART_UI_received_playload_len
                    0x1               USART_Keypad.o
USART_PC_Data_To_Transmit
                    0x1               SABT_MainUnit.o
USART_PC_header_received
                    0x1               USART_PC.o
MD3_Current_State   0x2               MD3.o

Memory Configuration

Name             Origin             Length             Attributes
text             0x00000000         0x00020000         xr
data             0x00800060         0x0000ffa0         rw !x
eeprom           0x00810000         0x00010000         rw !x
fuse             0x00820000         0x00000400         rw !x
lock             0x00830000         0x00000400         rw !x
signature        0x00840000         0x00000400         rw !x
*default*        0x00000000         0xffffffff

Linker script and memory map

Address of section .data set to 0x800100
LOAD c:/winavr-20100110/bin/../lib/gcc/avr/4.3.3/../../../../avr/lib/avr51/crtm1284p.o
LOAD SABT_MainUnit.o
LOAD USART_Keypad.o
LOAD USART_PC.o
LOAD VS1053.o
LOAD SPI.o
LOAD SD_routines.o
LOAD FAT32.o
LOAD UI_Handle.o
LOAD MD1.o
LOAD MD2.o
LOAD MD3.o
LOAD PC_Handle.o
LOAD c:/winavr-20100110/bin/../lib/gcc/avr/4.3.3/avr51\libgcc.a
LOAD c:/winavr-20100110/bin/../lib/gcc/avr/4.3.3/../../../../avr/lib/avr51\libc.a
LOAD c:/winavr-20100110/bin/../lib/gcc/avr/4.3.3/avr51\libgcc.a

.hash
 *(.hash)

.dynsym
 *(.dynsym)

.dynstr
 *(.dynstr)

.gnu.version
 *(.gnu.version)

.gnu.version_d
 *(.gnu.version_d)

.gnu.version_r
 *(.gnu.version_r)

.rel.init
 *(.rel.init)

.rela.init
 *(.rela.init)

.rel.text
 *(.rel.text)
 *(.rel.text.*)
 *(.rel.gnu.linkonce.t*)

.rela.text
 *(.rela.text)
 *(.rela.text.*)
 *(.rela.gnu.linkonce.t*)

.rel.fini
 *(.rel.fini)

.rela.fini
 *(.rela.fini)

.rel.rodata
 *(.rel.rodata)
 *(.rel.rodata.*)
 *(.rel.gnu.linkonce.r*)

.rela.rodata
 *(.rela.rodata)
 *(.rela.rodata.*)
 *(.rela.gnu.linkonce.r*)

.rel.data
 *(.rel.data)
 *(.rel.data.*)
 *(.rel.gnu.linkonce.d*)

.rela.data
 *(.rela.data)
 *(.rela.data.*)
 *(.rela.gnu.linkonce.d*)

.rel.ctors
 *(.rel.ctors)

.rela.ctors
 *(.rela.ctors)

.rel.dtors
 *(.rel.dtors)

.rela.dtors
 *(.rela.dtors)

.rel.got
 *(.rel.got)

.rela.got
 *(.rela.got)

.rel.bss
 *(.rel.bss)

.rela.bss
 *(.rela.bss)

.rel.plt
 *(.rel.plt)

.rela.plt
 *(.rela.plt)

.text           0x00000000     0x3950
 *(.vectors)
 .vectors       0x00000000       0x8c c:/winavr-20100110/bin/../lib/gcc/avr/4.3.3/../../../../avr/lib/avr51/crtm1284p.o
                0x00000000                __vectors
                0x00000000                __vector_default
 *(.vectors)
 *(.progmem.gcc*)
 .progmem.gcc_sw_table
                0x0000008c       0x34 MD2.o
 *(.progmem*)
 .progmem.data  0x000000c0       0x34 SABT_MainUnit.o
 .progmem.data  0x000000f4      0x21b FAT32.o
 .progmem.data  0x0000030f       0xac UI_Handle.o
 .progmem.data  0x000003bb       0x1c PC_Handle.o
                0x000003d8                . = ALIGN (0x2)
 *fill*         0x000003d7        0x1 00
                0x000003d8                __trampolines_start = .
 *(.trampolines)
 .trampolines   0x000003d8        0x0 linker stubs
 *(.trampolines*)
                0x000003d8                __trampolines_end = .
 *(.jumptables)
 *(.jumptables*)
 *(.lowtext)
 *(.lowtext*)
                0x000003d8                __ctors_start = .
 *(.ctors)
                0x000003d8                __ctors_end = .
                0x000003d8                __dtors_start = .
 *(.dtors)
                0x000003d8                __dtors_end = .
 SORT(*)(.ctors)
 SORT(*)(.dtors)
 *(.init0)
 .init0         0x000003d8        0x0 c:/winavr-20100110/bin/../lib/gcc/avr/4.3.3/../../../../avr/lib/avr51/crtm1284p.o
                0x000003d8                __init
 *(.init0)
 *(.init1)
 *(.init1)
 *(.init2)
 .init2         0x000003d8        0xc c:/winavr-20100110/bin/../lib/gcc/avr/4.3.3/../../../../avr/lib/avr51/crtm1284p.o
 *(.init2)
 *(.init3)
 *(.init3)
 *(.init4)
 .init4         0x000003e4       0x1a c:/winavr-20100110/bin/../lib/gcc/avr/4.3.3/../../../../avr/lib/avr51/crtm1284p.o
                0x000003e4                __do_copy_data
 .init4         0x000003fe       0x10 c:/winavr-20100110/bin/../lib/gcc/avr/4.3.3/avr51\libgcc.a(_clear_bss.o)
                0x000003fe                __do_clear_bss
 *(.init4)
 *(.init5)
 *(.init5)
 *(.init6)
 *(.init6)
 *(.init7)
 *(.init7)
 *(.init8)
 *(.init8)
 *(.init9)
 .init9         0x0000040e        0x8 c:/winavr-20100110/bin/../lib/gcc/avr/4.3.3/../../../../avr/lib/avr51/crtm1284p.o
 *(.init9)
 *(.text)
 .text          0x00000416        0x4 c:/winavr-20100110/bin/../lib/gcc/avr/4.3.3/../../../../avr/lib/avr51/crtm1284p.o
                0x00000416                __vector_22
                0x00000416                __vector_1
                0x00000416                __vector_32
                0x00000416                __vector_34
                0x00000416                __vector_24
                0x00000416                __vector_12
                0x00000416                __bad_interrupt
                0x00000416                __vector_6
                0x00000416                __vector_31
                0x00000416                __vector_3
                0x00000416                __vector_23
                0x00000416                __vector_30
                0x00000416                __vector_25
                0x00000416                __vector_11
                0x00000416                __vector_17
                0x00000416                __vector_19
                0x00000416                __vector_7
                0x00000416                __vector_27
                0x00000416                __vector_5
                0x00000416                __vector_33
                0x00000416                __vector_4
                0x00000416                __vector_9
                0x00000416                __vector_2
                0x00000416                __vector_21
                0x00000416                __vector_15
                0x00000416                __vector_29
                0x00000416                __vector_8
                0x00000416                __vector_26
                0x00000416                __vector_14
                0x00000416                __vector_10
                0x00000416                __vector_16
                0x00000416                __vector_18
 .text          0x0000041a      0x20c SABT_MainUnit.o
                0x0000045a                __vector_28
                0x000004a6                InitializeSystem
                0x0000041a                TimeRoutine
                0x0000043c                __vector_13
                0x0000053c                main
                0x00000480                __vector_20
 .text          0x00000626      0x112 USART_Keypad.o
                0x00000704                USART_transmitStringToKeypadFromFlash
                0x0000071e                USART_transmitStringToKeypad
                0x000006f4                USART_transmitByteToKeypad
                0x00000626                init_USART_Keypad
                0x00000652                USART_Keypad_ReceiveAction
 .text          0x00000738       0xd4 USART_PC.o
                0x000007c8                USART_transmitByteToPC
                0x000007d8                USART_transmitStringToPCFromFlash
                0x00000758                USART_PC_ReceiveAction
                0x00000738                init_USART_PC
                0x000007f2                USART_transmitStringToPC
 .text          0x0000080c      0x33e VS1053.o
                0x0000080c                RequestToPlayMP3file
                0x00000a50                VS1053_WriteData
                0x0000095c                VS1053_DecreaseVol
                0x00000924                VS1053_WriteCmd
                0x00000a3c                VS1053_SoftwareReset
                0x000009cc                VS1053_IncreaseVol
                0x00000a66                VS1053_Initialize
                0x000008be                VS1053_ReadCmd
 .text          0x00000b4a       0x78 SPI.o
                0x00000b4a                SPI_DeselectAll
                0x00000ba8                SPI_transmit
                0x00000b66                SPI_Select_MP3_Cmd
                0x00000b52                SPI_Select_SD
                0x00000b84                SPI_Initialize
                0x00000b5c                SPI_Select_MP3_Data
                0x00000bb4                SPI_receive
                0x00000b9a                SPI_1X
                0x00000b70                SPI_2X
 .text          0x00000bc2      0x324 SD_routines.o
                0x00000c9a                SD_erase
                0x00000de8                SD_writeSingleBlock
                0x00000bc2                SD_sendCommand
                0x00000e84                SD_readSingleBlock
                0x00000d00                SD_init
 .text          0x00000ee6     0x197a FAT32.o
                0x000018ea                getSetNextCluster
                0x00001fa2                readFile
                0x000013f2                memoryStatistics
                0x00000f30                convertFileName
                0x00001222                getSetFreeCluster
                0x00001dda                readAndRetreiveFileContents
                0x00001dbe                deleteFile
                0x0000110e                searchNextFreeCluster
                0x00002136                writeFile
                0x00001330                freeMemoryUpdate
                0x00002446                ReplaceTheContentOfThisFileWith
                0x000017ea                InitSDCard
                0x0000161e                getBootSectorData
                0x000019e4                findFiles
                0x00000ee6                getFirstSector
                0x00002636                PlayMP3file
                0x00001040                displayMemory
 .text          0x00002860      0x626 UI_Handle.o
                0x000028d0                UI_ResetTheCurrentMode
                0x0000298a                UI_CallModeYesAnswer
                0x00002b4a                UI_parse_message
                0x000028cc                UI_buildMessage
                0x00002924                UI_InputCellToCurrentMode
                0x000029ac                UI_Play_Intro_Currentmode
                0x000028fa                UI_RunMainOfCurrentMode
                0x000029d6                UI_ControlKeyPressed
                0x00002860                UI_calculate_CRC
                0x00002968                UI_CallModeNoAnswer
                0x00002946                UI_InputDotToCurrentMode
                0x00002ca0                UI_CheckModes
 .text          0x00002e86       0xac MD1.o
                0x00002ea6                MD1_InputCell
                0x00002e92                MD1_CallModeNoAnswer
                0x00002ea8                PlayRequestedDot
                0x00002e86                MD1_Reset
                0x00002e94                MD1_InputDot
                0x00002ef8                MD1_Main
                0x00002e90                MD1_CallModeYesAnswer
 .text          0x00002f32      0x1a0 MD2.o
                0x00002f72                MD2_PlayRequestedDot
                0x00002f42                MD2_CallModeNoAnswer
                0x0000308c                MD2_Main
                0x00002f44                MD2_InputDot
                0x00002f32                MD2_Reset
                0x00002fc2                PlayRequestedCell
                0x00002f40                MD2_CallModeYesAnswer
                0x00002f56                MD2_InputCell
 .text          0x000030d2       0xac MD3.o
                0x000030dc                MD3_CallModeYesAnswer
                0x000030de                MD3_CallModeNoAnswer
                0x00003144                MD3_Main
                0x000030f2                MD3_InputCell
                0x000030e0                MD3_InputDot
                0x000030f4                MD3_PlayRequestedDot
                0x000030d2                MD3_Reset
 .text          0x0000317e       0xc4 PC_Handle.o
                0x00003216                PC_parse_message
                0x0000317e                PC_RequestsToModifyModesFile
 .text          0x00003242        0x0 c:/winavr-20100110/bin/../lib/gcc/avr/4.3.3/avr51\libgcc.a(_mulsi3.o)
 .text          0x00003242        0x0 c:/winavr-20100110/bin/../lib/gcc/avr/4.3.3/avr51\libgcc.a(_udivmodsi4.o)
 .text          0x00003242        0x0 c:/winavr-20100110/bin/../lib/gcc/avr/4.3.3/avr51\libgcc.a(_exit.o)
 .text          0x00003242        0x0 c:/winavr-20100110/bin/../lib/gcc/avr/4.3.3/avr51\libgcc.a(_clear_bss.o)
 .text          0x00003242        0x0 c:/winavr-20100110/bin/../lib/gcc/avr/4.3.3/../../../../avr/lib/avr51\libc.a(atoi.o)
 .text          0x00003242        0x0 c:/winavr-20100110/bin/../lib/gcc/avr/4.3.3/../../../../avr/lib/avr51\libc.a(mul10.o)
 .text          0x00003242        0x0 c:/winavr-20100110/bin/../lib/gcc/avr/4.3.3/../../../../avr/lib/avr51\libc.a(printf.o)
 .text          0x00003242        0x0 c:/winavr-20100110/bin/../lib/gcc/avr/4.3.3/../../../../avr/lib/avr51\libc.a(puts.o)
 .text          0x00003242        0x0 c:/winavr-20100110/bin/../lib/gcc/avr/4.3.3/../../../../avr/lib/avr51\libc.a(sprintf.o)
 .text          0x00003242        0x0 c:/winavr-20100110/bin/../lib/gcc/avr/4.3.3/../../../../avr/lib/avr51\libc.a(vfprintf_std.o)
 .text          0x00003242        0x0 c:/winavr-20100110/bin/../lib/gcc/avr/4.3.3/../../../../avr/lib/avr51\libc.a(strnlen_P.o)
 .text          0x00003242        0x0 c:/winavr-20100110/bin/../lib/gcc/avr/4.3.3/../../../../avr/lib/avr51\libc.a(strnlen.o)
 .text          0x00003242        0x0 c:/winavr-20100110/bin/../lib/gcc/avr/4.3.3/../../../../avr/lib/avr51\libc.a(fputc.o)
 .text          0x00003242        0x0 c:/winavr-20100110/bin/../lib/gcc/avr/4.3.3/../../../../avr/lib/avr51\libc.a(iob.o)
 .text          0x00003242        0x0 c:/winavr-20100110/bin/../lib/gcc/avr/4.3.3/../../../../avr/lib/avr51\libc.a(ultoa_invert.o)
                0x00003242                . = ALIGN (0x2)
 *(.text.*)
 .text.libgcc   0x00003242       0x3e c:/winavr-20100110/bin/../lib/gcc/avr/4.3.3/avr51\libgcc.a(_mulsi3.o)
                0x00003242                __mulsi3
 .text.libgcc   0x00003280       0x44 c:/winavr-20100110/bin/../lib/gcc/avr/4.3.3/avr51\libgcc.a(_udivmodsi4.o)
                0x00003280                __udivmodsi4
 .text.libgcc   0x000032c4        0x0 c:/winavr-20100110/bin/../lib/gcc/avr/4.3.3/avr51\libgcc.a(_exit.o)
 .text.libgcc   0x000032c4        0x0 c:/winavr-20100110/bin/../lib/gcc/avr/4.3.3/avr51\libgcc.a(_clear_bss.o)
 .text.avr-libc
                0x000032c4       0x3c c:/winavr-20100110/bin/../lib/gcc/avr/4.3.3/../../../../avr/lib/avr51\libc.a(atoi.o)
                0x000032c4                atoi
 .text.avr-libc
                0x00003300       0x10 c:/winavr-20100110/bin/../lib/gcc/avr/4.3.3/../../../../avr/lib/avr51\libc.a(mul10.o)
                0x00003300                __mulhi_const_10
 .text.avr-libc
                0x00003310       0x24 c:/winavr-20100110/bin/../lib/gcc/avr/4.3.3/../../../../avr/lib/avr51\libc.a(printf.o)
                0x00003310                printf
 .text.avr-libc
                0x00003334       0x6a c:/winavr-20100110/bin/../lib/gcc/avr/4.3.3/../../../../avr/lib/avr51\libc.a(puts.o)
                0x00003334                puts
 .text.avr-libc
                0x0000339e       0x62 c:/winavr-20100110/bin/../lib/gcc/avr/4.3.3/../../../../avr/lib/avr51\libc.a(sprintf.o)
                0x0000339e                sprintf
 .text.avr-libc
                0x00003400      0x40c c:/winavr-20100110/bin/../lib/gcc/avr/4.3.3/../../../../avr/lib/avr51\libc.a(vfprintf_std.o)
                0x00003400                vfprintf
 .text.avr-libc
                0x0000380c       0x16 c:/winavr-20100110/bin/../lib/gcc/avr/4.3.3/../../../../avr/lib/avr51\libc.a(strnlen_P.o)
                0x0000380c                strnlen_P
 .text.avr-libc
                0x00003822       0x16 c:/winavr-20100110/bin/../lib/gcc/avr/4.3.3/../../../../avr/lib/avr51\libc.a(strnlen.o)
                0x00003822                strnlen
 .text.avr-libc
                0x00003838       0x58 c:/winavr-20100110/bin/../lib/gcc/avr/4.3.3/../../../../avr/lib/avr51\libc.a(fputc.o)
                0x00003838                fputc
 .text.avr-libc
                0x00003890       0xbc c:/winavr-20100110/bin/../lib/gcc/avr/4.3.3/../../../../avr/lib/avr51\libc.a(ultoa_invert.o)
                0x00003890                __ultoa_invert
                0x0000394c                . = ALIGN (0x2)
 *(.fini9)
 .fini9         0x0000394c        0x0 c:/winavr-20100110/bin/../lib/gcc/avr/4.3.3/avr51\libgcc.a(_exit.o)
                0x0000394c                exit
                0x0000394c                _exit
 *(.fini9)
 *(.fini8)
 *(.fini8)
 *(.fini7)
 *(.fini7)
 *(.fini6)
 *(.fini6)
 *(.fini5)
 *(.fini5)
 *(.fini4)
 *(.fini4)
 *(.fini3)
 *(.fini3)
 *(.fini2)
 *(.fini2)
 *(.fini1)
 *(.fini1)
 *(.fini0)
 .fini0         0x0000394c        0x4 c:/winavr-20100110/bin/../lib/gcc/avr/4.3.3/avr51\libgcc.a(_exit.o)
 *(.fini0)
                0x00003950                _etext = .

.data           0x00800100      0x27a load address 0x00003950
                0x00800100                PROVIDE (__data_start, .)
 *(.data)
 .data          0x00800100        0x0 c:/winavr-20100110/bin/../lib/gcc/avr/4.3.3/../../../../avr/lib/avr51/crtm1284p.o
 .data          0x00800100       0x31 SABT_MainUnit.o
 .data          0x00800131        0x0 USART_Keypad.o
 .data          0x00800131        0x0 USART_PC.o
 .data          0x00800131        0xc VS1053.o
 .data          0x0080013d        0x0 SPI.o
 .data          0x0080013d        0x0 SD_routines.o
 .data          0x0080013d       0x14 FAT32.o
 .data          0x00800151       0x3a UI_Handle.o
 .data          0x0080018b       0x47 MD1.o
 .data          0x008001d2      0x156 MD2.o
 .data          0x00800328       0x47 MD3.o
 .data          0x0080036f        0xa PC_Handle.o
 .data          0x00800379        0x0 c:/winavr-20100110/bin/../lib/gcc/avr/4.3.3/avr51\libgcc.a(_mulsi3.o)
 .data          0x00800379        0x0 c:/winavr-20100110/bin/../lib/gcc/avr/4.3.3/avr51\libgcc.a(_udivmodsi4.o)
 .data          0x00800379        0x0 c:/winavr-20100110/bin/../lib/gcc/avr/4.3.3/avr51\libgcc.a(_exit.o)
 .data          0x00800379        0x0 c:/winavr-20100110/bin/../lib/gcc/avr/4.3.3/avr51\libgcc.a(_clear_bss.o)
 .data          0x00800379        0x0 c:/winavr-20100110/bin/../lib/gcc/avr/4.3.3/../../../../avr/lib/avr51\libc.a(atoi.o)
 .data          0x00800379        0x0 c:/winavr-20100110/bin/../lib/gcc/avr/4.3.3/../../../../avr/lib/avr51\libc.a(mul10.o)
 .data          0x00800379        0x0 c:/winavr-20100110/bin/../lib/gcc/avr/4.3.3/../../../../avr/lib/avr51\libc.a(printf.o)
 .data          0x00800379        0x0 c:/winavr-20100110/bin/../lib/gcc/avr/4.3.3/../../../../avr/lib/avr51\libc.a(puts.o)
 .data          0x00800379        0x0 c:/winavr-20100110/bin/../lib/gcc/avr/4.3.3/../../../../avr/lib/avr51\libc.a(sprintf.o)
 .data          0x00800379        0x0 c:/winavr-20100110/bin/../lib/gcc/avr/4.3.3/../../../../avr/lib/avr51\libc.a(vfprintf_std.o)
 .data          0x00800379        0x0 c:/winavr-20100110/bin/../lib/gcc/avr/4.3.3/../../../../avr/lib/avr51\libc.a(strnlen_P.o)
 .data          0x00800379        0x0 c:/winavr-20100110/bin/../lib/gcc/avr/4.3.3/../../../../avr/lib/avr51\libc.a(strnlen.o)
 .data          0x00800379        0x0 c:/winavr-20100110/bin/../lib/gcc/avr/4.3.3/../../../../avr/lib/avr51\libc.a(fputc.o)
 .data          0x00800379        0x0 c:/winavr-20100110/bin/../lib/gcc/avr/4.3.3/../../../../avr/lib/avr51\libc.a(iob.o)
 .data          0x00800379        0x0 c:/winavr-20100110/bin/../lib/gcc/avr/4.3.3/../../../../avr/lib/avr51\libc.a(ultoa_invert.o)
 *(.data*)
 *(.rodata)
 *(.rodata*)
 *(.gnu.linkonce.d*)
                0x0080037a                . = ALIGN (0x2)
 *fill*         0x00800379        0x1 00
                0x0080037a                _edata = .
                0x0080037a                PROVIDE (__data_end, .)

.bss            0x0080037a      0x3ab
                0x0080037a                PROVIDE (__bss_start, .)
 *(.bss)
 .bss           0x0080037a        0x0 c:/winavr-20100110/bin/../lib/gcc/avr/4.3.3/../../../../avr/lib/avr51/crtm1284p.o
 .bss           0x0080037a        0x1 SABT_MainUnit.o
                0x0080037a                temp
 .bss           0x0080037b        0x0 USART_Keypad.o
 .bss           0x0080037b        0x0 USART_PC.o
 .bss           0x0080037b        0x6 VS1053.o
                0x0080037d                temp2
                0x0080037b                temp1
                0x0080037f                temp3
 .bss           0x00800381        0x0 SPI.o
 .bss           0x00800381        0x0 SD_routines.o
 .bss           0x00800381        0x0 FAT32.o
 .bss           0x00800381        0x0 UI_Handle.o
 .bss           0x00800381        0x0 MD1.o
 .bss           0x00800381        0x0 MD2.o
 .bss           0x00800381        0x0 MD3.o
 .bss           0x00800381        0x0 PC_Handle.o
 .bss           0x00800381        0x0 c:/winavr-20100110/bin/../lib/gcc/avr/4.3.3/avr51\libgcc.a(_mulsi3.o)
 .bss           0x00800381        0x0 c:/winavr-20100110/bin/../lib/gcc/avr/4.3.3/avr51\libgcc.a(_udivmodsi4.o)
 .bss           0x00800381        0x0 c:/winavr-20100110/bin/../lib/gcc/avr/4.3.3/avr51\libgcc.a(_exit.o)
 .bss           0x00800381        0x0 c:/winavr-20100110/bin/../lib/gcc/avr/4.3.3/avr51\libgcc.a(_clear_bss.o)
 .bss           0x00800381        0x0 c:/winavr-20100110/bin/../lib/gcc/avr/4.3.3/../../../../avr/lib/avr51\libc.a(atoi.o)
 .bss           0x00800381        0x0 c:/winavr-20100110/bin/../lib/gcc/avr/4.3.3/../../../../avr/lib/avr51\libc.a(mul10.o)
 .bss           0x00800381        0x0 c:/winavr-20100110/bin/../lib/gcc/avr/4.3.3/../../../../avr/lib/avr51\libc.a(printf.o)
 .bss           0x00800381        0x0 c:/winavr-20100110/bin/../lib/gcc/avr/4.3.3/../../../../avr/lib/avr51\libc.a(puts.o)
 .bss           0x00800381        0x0 c:/winavr-20100110/bin/../lib/gcc/avr/4.3.3/../../../../avr/lib/avr51\libc.a(sprintf.o)
 .bss           0x00800381        0x0 c:/winavr-20100110/bin/../lib/gcc/avr/4.3.3/../../../../avr/lib/avr51\libc.a(vfprintf_std.o)
 .bss           0x00800381        0x0 c:/winavr-20100110/bin/../lib/gcc/avr/4.3.3/../../../../avr/lib/avr51\libc.a(strnlen_P.o)
 .bss           0x00800381        0x0 c:/winavr-20100110/bin/../lib/gcc/avr/4.3.3/../../../../avr/lib/avr51\libc.a(strnlen.o)
 .bss           0x00800381        0x0 c:/winavr-20100110/bin/../lib/gcc/avr/4.3.3/../../../../avr/lib/avr51\libc.a(fputc.o)
 .bss           0x00800381        0x0 c:/winavr-20100110/bin/../lib/gcc/avr/4.3.3/../../../../avr/lib/avr51\libc.a(iob.o)
 .bss           0x00800381        0x0 c:/winavr-20100110/bin/../lib/gcc/avr/4.3.3/../../../../avr/lib/avr51\libc.a(ultoa_invert.o)
 *(.bss*)
 *(COMMON)
 COMMON         0x00800381      0x384 SABT_MainUnit.o
                0x00800381                USART_PC_Message_ready
                0x00800382                gFileToPlay
                0x00800384                UI_MP3_file_Pending
                0x00800385                appendFileLocation
                0x00800389                USART_Keypad_DATA_RDY
                0x0080038a                fileName
                0x00800397                firstDataSector
                0x0080039b                fileSize
                0x0080039f                bytesPerSector
                0x008003a1                totalClusters
                0x008003a5                TMR1_INT
                0x008003a6                UI_MODE_SELECTED
                0x008003a7                USART_PC_ReceivedPacket
                0x008003bb                UI_Modes
                0x008003c5                rootCluster
                0x008003c9                Number_of_modes
                0x008003ca                startBlock
                0x008003ce                UI_Selected_Mode
                0x008003cf                USART_UI_Message_ready
                0x008003d0                buffer
                0x008005d0                UI_Current_Mode
                0x008005d1                sectorPerCluster
                0x008005d3                USART_UI_ReceivedPacket
                0x008005e7                unusedSectors
                0x008005eb                SDHC_flag
                0x008005ec                USART_PC_Received_Data
                0x008005ed                totalBlocks
                0x008005f1                LED_STAT
                0x008005f2                reservedSectorCount
                0x008005f4                appendStartCluster
                0x008005f8                tempCnt
                0x008005f9                cardType
                0x008005fa                VS1053_SKIP_PLAY
                0x008005fb                USART_PC_DATA_RDY
                0x008005fc                USART_Keypad_Data_To_Transmit
                0x008005fd                USART_PC_received_playload_len
                0x008005fe                debug_buffer
                0x008006fe                freeClusterCountUpdated
                0x008006ff                USART_Keypad_Received_Data
                0x00800700                appendFileSector
                0x00800704                USART_PC_Data_To_Transmit
 COMMON         0x00800705        0x7 USART_Keypad.o
                0x00800705                USART_UI_receive_msgcnt
                0x00800706                USART_UI_prefix
                0x00800709                USART_UI_length_reveived
                0x0080070a                USART_UI_header_received
                0x0080070b                USART_UI_received_playload_len
 COMMON         0x0080070c        0x6 USART_PC.o
                0x0080070c                USART_PC_length_reveived
                0x0080070d                USART_PC_prefix
                0x00800710                USART_PC_receive_msgcnt
                0x00800711                USART_PC_header_received
 COMMON         0x00800712        0x5 VS1053.o
                0x00800712                tempAddr
                0x00800713                temp5
                0x00800714                temp4
                0x00800715                VS1053_Vol
 COMMON         0x00800717        0x3 MD1.o
                0x00800717                Last_Dot
                0x00800718                Current_State
 COMMON         0x0080071a        0x2 MD2.o
                0x0080071a                Last_Cell
                0x0080071b                MD2_Last_Dot
 COMMON         0x0080071c        0x3 MD3.o
                0x0080071c                MD3_Last_Dot
                0x0080071d                MD3_Current_State
 COMMON         0x0080071f        0x6 c:/winavr-20100110/bin/../lib/gcc/avr/4.3.3/../../../../avr/lib/avr51\libc.a(iob.o)
                0x0080071f                __iob
                0x00800725                PROVIDE (__bss_end, .)
                0x00003950                __data_load_start = LOADADDR (.data)
                0x00003bca                __data_load_end = (__data_load_start + SIZEOF (.data))

.noinit         0x00800725        0x0
                0x00800725                PROVIDE (__noinit_start, .)
 *(.noinit*)
                0x00800725                PROVIDE (__noinit_end, .)
                0x00800725                _end = .
                0x00800725                PROVIDE (__heap_start, .)

.eeprom         0x00810000        0x0
 *(.eeprom*)
                0x00810000                __eeprom_end = .

.fuse
 *(.fuse)
 *(.lfuse)
 *(.hfuse)
 *(.efuse)

.lock
 *(.lock*)

.signature
 *(.signature*)

.stab
 *(.stab)

.stabstr
 *(.stabstr)

.stab.excl
 *(.stab.excl)

.stab.exclstr
 *(.stab.exclstr)

.stab.index
 *(.stab.index)

.stab.indexstr
 *(.stab.indexstr)

.comment
 *(.comment)

.debug
 *(.debug)

.line
 *(.line)

.debug_srcinfo
 *(.debug_srcinfo)

.debug_sfnames
 *(.debug_sfnames)

.debug_aranges  0x00000000      0x180
 *(.debug_aranges)
 .debug_aranges
                0x00000000       0x20 SABT_MainUnit.o
 .debug_aranges
                0x00000020       0x20 USART_Keypad.o
 .debug_aranges
                0x00000040       0x20 USART_PC.o
 .debug_aranges
                0x00000060       0x20 VS1053.o
 .debug_aranges
                0x00000080       0x20 SPI.o
 .debug_aranges
                0x000000a0       0x20 SD_routines.o
 .debug_aranges
                0x000000c0       0x20 FAT32.o
 .debug_aranges
                0x000000e0       0x20 UI_Handle.o
 .debug_aranges
                0x00000100       0x20 MD1.o
 .debug_aranges
                0x00000120       0x20 MD2.o
 .debug_aranges
                0x00000140       0x20 MD3.o
 .debug_aranges
                0x00000160       0x20 PC_Handle.o

.debug_pubnames
                0x00000000     0x310d
 *(.debug_pubnames)
 .debug_pubnames
                0x00000000      0x3cd SABT_MainUnit.o
 .debug_pubnames
                0x000003cd      0x478 USART_Keypad.o
 .debug_pubnames
                0x00000845      0x441 USART_PC.o
 .debug_pubnames
                0x00000c86      0x44c VS1053.o
 .debug_pubnames
                0x000010d2      0x3eb SPI.o
 .debug_pubnames
                0x000014bd      0x3a7 SD_routines.o
 .debug_pubnames
                0x00001864      0x4a6 FAT32.o
 .debug_pubnames
                0x00001d0a      0x476 UI_Handle.o
 .debug_pubnames
                0x00002180      0x3f1 MD1.o
 .debug_pubnames
                0x00002571      0x41d MD2.o
 .debug_pubnames
                0x0000298e      0x3fd MD3.o
 .debug_pubnames
                0x00002d8b      0x382 PC_Handle.o

.debug_info     0x00000000     0x50df
 *(.debug_info)
 .debug_info    0x00000000      0x4cd SABT_MainUnit.o
 .debug_info    0x000004cd      0x55c USART_Keypad.o
 .debug_info    0x00000a29      0x54e USART_PC.o
 .debug_info    0x00000f77      0x709 VS1053.o
 .debug_info    0x00001680      0x498 SPI.o
 .debug_info    0x00001b18      0x55f SD_routines.o
 .debug_info    0x00002077     0x16b4 FAT32.o
 .debug_info    0x0000372b      0x761 UI_Handle.o
 .debug_info    0x00003e8c      0x48a MD1.o
 .debug_info    0x00004316      0x4b2 MD2.o
 .debug_info    0x000047c8      0x48a MD3.o
 .debug_info    0x00004c52      0x48d PC_Handle.o
 *(.gnu.linkonce.wi.*)

.debug_abbrev   0x00000000      0xd16
 *(.debug_abbrev)
 .debug_abbrev  0x00000000       0xc8 SABT_MainUnit.o
 .debug_abbrev  0x000000c8      0x142 USART_Keypad.o
 .debug_abbrev  0x0000020a      0x159 USART_PC.o
 .debug_abbrev  0x00000363      0x15a VS1053.o
 .debug_abbrev  0x000004bd       0xbb SPI.o
 .debug_abbrev  0x00000578       0xd1 SD_routines.o
 .debug_abbrev  0x00000649      0x26d FAT32.o
 .debug_abbrev  0x000008b6      0x155 UI_Handle.o
 .debug_abbrev  0x00000a0b       0xb9 MD1.o
 .debug_abbrev  0x00000ac4       0xaa MD2.o
 .debug_abbrev  0x00000b6e       0xb9 MD3.o
 .debug_abbrev  0x00000c27       0xef PC_Handle.o

.debug_line     0x00000000     0x2b50
 *(.debug_line)
 .debug_line    0x00000000      0x2db SABT_MainUnit.o
 .debug_line    0x000002db      0x28c USART_Keypad.o
 .debug_line    0x00000567      0x238 USART_PC.o
 .debug_line    0x0000079f      0x420 VS1053.o
 .debug_line    0x00000bbf      0x1f8 SPI.o
 .debug_line    0x00000db7      0x3e4 SD_routines.o
 .debug_line    0x0000119b      0xd10 FAT32.o
 .debug_line    0x00001eab      0x5a1 UI_Handle.o
 .debug_line    0x0000244c      0x189 MD1.o
 .debug_line    0x000025d5      0x294 MD2.o
 .debug_line    0x00002869      0x189 MD3.o
 .debug_line    0x000029f2      0x15e PC_Handle.o

.debug_frame    0x00000000      0x670
 *(.debug_frame)
 .debug_frame   0x00000000       0x70 SABT_MainUnit.o
 .debug_frame   0x00000070       0x60 USART_Keypad.o
 .debug_frame   0x000000d0       0x60 USART_PC.o
 .debug_frame   0x00000130       0x90 VS1053.o
 .debug_frame   0x000001c0       0xa0 SPI.o
 .debug_frame   0x00000260       0x60 SD_routines.o
 .debug_frame   0x000002c0      0x120 FAT32.o
 .debug_frame   0x000003e0       0xd0 UI_Handle.o
 .debug_frame   0x000004b0       0x80 MD1.o
 .debug_frame   0x00000530       0x90 MD2.o
 .debug_frame   0x000005c0       0x80 MD3.o
 .debug_frame   0x00000640       0x30 PC_Handle.o

.debug_str      0x00000000     0x112b
 *(.debug_str)
 .debug_str     0x00000000      0x38e SABT_MainUnit.o
                                0x3ce (size before relaxing)
 .debug_str     0x0000038e      0x145 USART_Keypad.o
                                0x4a3 (size before relaxing)
 .debug_str     0x000004d3       0xed USART_PC.o
                                0x46e (size before relaxing)
 .debug_str     0x000005c0      0x11e VS1053.o
                                0x48a (size before relaxing)
 .debug_str     0x000006de       0x84 SPI.o
                                0x3e7 (size before relaxing)
 .debug_str     0x00000762       0x73 SD_routines.o
                                0x3d7 (size before relaxing)
 .debug_str     0x000007d5      0x5d4 FAT32.o
                                0x9a6 (size before relaxing)
 .debug_str     0x00000da9      0x19a UI_Handle.o
                                0x517 (size before relaxing)
 .debug_str     0x00000f43       0x62 MD1.o
                                0x3f9 (size before relaxing)
 .debug_str     0x00000fa5       0xa0 MD2.o
                                0x41d (size before relaxing)
 .debug_str     0x00001045       0x96 MD3.o
                                0x405 (size before relaxing)
 .debug_str     0x000010db       0x50 PC_Handle.o
                                0x3c4 (size before relaxing)

.debug_loc      0x00000000     0x1bea
 *(.debug_loc)
 .debug_loc     0x00000000       0x6e USART_Keypad.o
 .debug_loc     0x0000006e       0x6e USART_PC.o
 .debug_loc     0x000000dc      0x1d5 VS1053.o
 .debug_loc     0x000002b1       0x26 SPI.o
 .debug_loc     0x000002d7      0x2e7 SD_routines.o
 .debug_loc     0x000005be     0x13a7 FAT32.o
 .debug_loc     0x00001965      0x1ed UI_Handle.o
 .debug_loc     0x00001b52       0x13 MD1.o
 .debug_loc     0x00001b65       0x31 MD2.o
 .debug_loc     0x00001b96       0x13 MD3.o
 .debug_loc     0x00001ba9       0x41 PC_Handle.o

.debug_macinfo
 *(.debug_macinfo)
OUTPUT(SABT_MainUnit.elf elf32-avr)
LOAD linker stubs

.debug_ranges   0x00000000       0x60
 .debug_ranges  0x00000000       0x30 USART_Keypad.o
 .debug_ranges  0x00000030       0x30 USART_PC.o
